// Vitest Snapshot v1, https://vitest.dev/guide/snapshot.html

exports[`lesson 01 hello world > golden journal: produces the expected sequence of broker events 1`] = `
[
  "0 publish p1 published m1 key="hello"",
  "600 route (default) routed m1 to hello",
  "800 confirm p1 received a confirm for m1",
  "1200 enqueue m1 enqueued in hello (depth 1)",
  "1500 publish p1 published m2 key="hello"",
  "1800 deliver Consumer received m1",
  "2100 route (default) routed m2 to hello",
  "2300 confirm p1 received a confirm for m2",
  "2700 enqueue m2 enqueued in hello (depth 1)",
  "2700 ack c1 acked m1",
  "3000 publish p1 published m3 key="hello"",
  "3300 deliver Consumer received m2",
  "3600 route (default) routed m3 to hello",
  "3800 confirm p1 received a confirm for m3",
  "4200 enqueue m3 enqueued in hello (depth 1)",
  "4200 ack c1 acked m2",
  "4500 publish p1 published m4 key="hello"",
  "4800 deliver Consumer received m3",
  "5100 route (default) routed m4 to hello",
  "5300 confirm p1 received a confirm for m4",
  "5700 enqueue m4 enqueued in hello (depth 1)",
  "5700 ack c1 acked m3",
  "6300 deliver Consumer received m4",
  "7200 ack c1 acked m4",
]
`;
